ARM Linker, 4.1 [Build 567] [Standard]

==============================================================================

Section Cross References

    startup_stm32f10x_hd.o(RESET) refers to startup_stm32f10x_hd.o(.text) for Reset_Handler
    startup_stm32f10x_hd.o(RESET) refers to stm32f10x_it.o(.text) for NMI_Handler
    startup_stm32f10x_hd.o(RESET) refers to os_cpu_a.o(.text) for OS_CPU_PendSVHandler
    startup_stm32f10x_hd.o(.text) refers to startup_stm32f10x_hd.o(STACK) for __initial_sp
    startup_stm32f10x_hd.o(.text) refers to entry.o(.ARM.Collect$$$$00000000) for __main
    main.o(.text) refers to bsp.o(.text) for BSP_Init
    main.o(.text) refers to os_core.o(.text) for OSInit
    main.o(.text) refers to os_task.o(.text) for OSTaskCreate
    main.o(.text) refers to main.o(.bss) for startup_task_stk
    main.o(.text) refers to app.o(.text) for Task_Start
    stm32f10x_it.o(.text) refers to os_core.o(.text) for OSIntEnter
    stm32f10x_gpio.o(.text) refers to stm32f10x_rcc.o(.text) for RCC_APB2PeriphResetCmd
    stm32f10x_rcc.o(.text) refers to stm32f10x_rcc.o(.data) for APBAHBPrescTable
    bsp.o(.text) refers to system_stm32f10x.o(.text) for SystemInit
    bsp.o(.text) refers to led.o(.text) for LED_GPIO_Config
    bsp.o(.text) refers to system_stm32f10x.o(.constdata) for SystemFrequency
    led.o(.text) refers to stm32f10x_rcc.o(.text) for RCC_APB2PeriphClockCmd
    led.o(.text) refers to stm32f10x_gpio.o(.text) for GPIO_Init
    app.o(.text) refers to stm32f10x_gpio.o(.text) for GPIO_ResetBits
    app.o(.text) refers to os_time.o(.text) for OSTimeDlyHMSM
    app.o(.text) refers to os_task.o(.text) for OSTaskCreate
    app.o(.text) refers to app.o(.bss) for task_led2_stk
    os_core.o(.text) refers to os_task.o(.text) for OSTaskStkChk
    os_core.o(.text) refers to os_time.o(.text) for OSTimeDly
    os_core.o(.text) refers to os_cpu_a.o(.text) for OS_CPU_SR_Save
    os_core.o(.text) refers to os_cpu_c.o(.text) for OSTaskStatHook
    os_core.o(.text) refers to os_core.o(.bss) for OSTCBPrioTbl
    os_core.o(.text) refers to os_core.o(.data) for OSStatRdy
    os_core.o(.text) refers to os_core.o(.constdata) for OSUnMapTbl
    os_mutex.o(.text) refers to os_cpu_a.o(.text) for OS_CPU_SR_Save
    os_mutex.o(.text) refers to os_core.o(.text) for OS_EventWaitListInit
    os_mutex.o(.text) refers to os_core.o(.data) for OSIntNesting
    os_mutex.o(.text) refers to os_core.o(.bss) for OSTCBPrioTbl
    os_task.o(.text) refers to os_cpu_a.o(.text) for OS_CPU_SR_Save
    os_task.o(.text) refers to os_core.o(.text) for OS_Sched
    os_task.o(.text) refers to os_cpu_c.o(.text) for OSTaskStkInit
    os_task.o(.text) refers to os_core.o(.bss) for OSTCBPrioTbl
    os_task.o(.text) refers to os_core.o(.data) for OSTCBCur
    os_time.o(.text) refers to os_cpu_a.o(.text) for OS_CPU_SR_Save
    os_time.o(.text) refers to os_core.o(.text) for OS_Sched
    os_time.o(.text) refers to os_core.o(.data) for OSIntNesting
    os_time.o(.text) refers to os_core.o(.bss) for OSTCBPrioTbl
    os_cpu_a.o(.text) refers to os_core.o(.data) for OSRunning
    os_cpu_a.o(.text) refers to os_cpu_c.o(.text) for OSTaskSwHook
    entry.o(.ARM.Collect$$$$00000000) refers (Special) to entry7.o(.ARM.Collect$$$$00000007) for _main_init
    entry.o(.ARM.Collect$$$$00000000) refers (Special) to entry5.o(.ARM.Collect$$$$00000004) for _main_scatterload
    entry.o(.ARM.Collect$$$$00000000) refers (Special) to entry2.o(.ARM.Collect$$$$00000001) for _main_stk
    entry2.o(.ARM.Collect$$$$00000001) refers to entry2.o(.ARM.Collect$$$$00002712) for __lit__00000000
    entry2.o(.ARM.Collect$$$$00002712) refers to startup_stm32f10x_hd.o(STACK) for __initial_sp
    entry2.o(__vectab_stack_and_reset_area) refers to startup_stm32f10x_hd.o(STACK) for __initial_sp
    entry2.o(__vectab_stack_and_reset_area) refers to entry.o(.ARM.Collect$$$$00000000) for __main
    entry5.o(.ARM.Collect$$$$00000004) refers to init.o(.text) for __scatterload
    entry7.o(.ARM.Collect$$$$00000007) refers to main.o(.text) for main
    init.o(.text) refers to entry5.o(.ARM.Collect$$$$00000004) for __main_after_scatterload


==============================================================================

Removing Unused input sections from the image.

    Removing startup_stm32f10x_hd.o(HEAP), (0 bytes).
    Removing core_cm3.o(.emb_text), (32 bytes).
    Removing os_mutex.o(.text), (1580 bytes).
    Removing os_dbg.o(.constdata), (2 bytes).

4 unused section(s) (total 1614 bytes) removed from the image.

==============================================================================

Image Symbol Table

    Local Symbols

    Symbol Name                              Value     Ov Type        Size  Object(Section)

    ../../microlib/init/entry.s              0x00000000   Number         0  entry.o ABSOLUTE
    ../../microlib/init/entry.s              0x00000000   Number         0  entry7.o ABSOLUTE
    ../../microlib/init/entry.s              0x00000000   Number         0  entry2.o ABSOLUTE
    ../../microlib/init/entry.s              0x00000000   Number         0  entry5.o ABSOLUTE
    ..\APP\app.c                             0x00000000   Number         0  app.o ABSOLUTE
    ..\BSP\BSP.c                             0x00000000   Number         0  bsp.o ABSOLUTE
    ..\BSP\led.c                             0x00000000   Number         0  led.o ABSOLUTE
    ..\CMSIS\core_cm3.c                      0x00000000   Number         0  core_cm3.o ABSOLUTE
    ..\CMSIS\startup\startup_stm32f10x_hd.s  0x00000000   Number         0  startup_stm32f10x_hd.o ABSOLUTE
    ..\CMSIS\system_stm32f10x.c              0x00000000   Number         0  system_stm32f10x.o ABSOLUTE
    ..\FWlib\src\stm32f10x_gpio.c            0x00000000   Number         0  stm32f10x_gpio.o ABSOLUTE
    ..\FWlib\src\stm32f10x_rcc.c             0x00000000   Number         0  stm32f10x_rcc.o ABSOLUTE
    ..\\CMSIS\\core_cm3.c                    0x00000000   Number         0  core_cm3.o ABSOLUTE
    ..\uCOS-II\Ports\os_cpu_a.asm            0x00000000   Number         0  os_cpu_a.o ABSOLUTE
    ..\uCOS-II\Ports\os_cpu_c.c              0x00000000   Number         0  os_cpu_c.o ABSOLUTE
    ..\uCOS-II\Ports\os_dbg.c                0x00000000   Number         0  os_dbg.o ABSOLUTE
    ..\uCOS-II\Source\os_core.c              0x00000000   Number         0  os_core.o ABSOLUTE
    ..\uCOS-II\Source\os_flag.c              0x00000000   Number         0  os_flag.o ABSOLUTE
    ..\uCOS-II\Source\os_mbox.c              0x00000000   Number         0  os_mbox.o ABSOLUTE
    ..\uCOS-II\Source\os_mem.c               0x00000000   Number         0  os_mem.o ABSOLUTE
    ..\uCOS-II\Source\os_mutex.c             0x00000000   Number         0  os_mutex.o ABSOLUTE
    ..\uCOS-II\Source\os_q.c                 0x00000000   Number         0  os_q.o ABSOLUTE
    ..\uCOS-II\Source\os_sem.c               0x00000000   Number         0  os_sem.o ABSOLUTE
    ..\uCOS-II\Source\os_task.c              0x00000000   Number         0  os_task.o ABSOLUTE
    ..\uCOS-II\Source\os_time.c              0x00000000   Number         0  os_time.o ABSOLUTE
    ..\uCOS-II\Source\os_tmr.c               0x00000000   Number         0  os_tmr.o ABSOLUTE
    dc.s                                     0x00000000   Number         0  dc.o ABSOLUTE
    handlers.s                               0x00000000   Number         0  handlers.o ABSOLUTE
    init.s                                   0x00000000   Number         0  init.o ABSOLUTE
    main.c                                   0x00000000   Number         0  main.o ABSOLUTE
    stm32f10x_it.c                           0x00000000   Number         0  stm32f10x_it.o ABSOLUTE
    RESET                                    0x08000000   Section      304  startup_stm32f10x_hd.o(RESET)
    .ARM.Collect$$$$00000000                 0x08000130   Section        0  entry.o(.ARM.Collect$$$$00000000)
    .ARM.Collect$$$$00000001                 0x08000130   Section        4  entry2.o(.ARM.Collect$$$$00000001)
    .ARM.Collect$$$$00000004                 0x08000134   Section        4  entry5.o(.ARM.Collect$$$$00000004)
    .ARM.Collect$$$$00000007                 0x08000138   Section        8  entry7.o(.ARM.Collect$$$$00000007)
    .ARM.Collect$$$$00002712                 0x08000140   Section        4  entry2.o(.ARM.Collect$$$$00002712)
    __lit__00000000                          0x08000140   Data           4  entry2.o(.ARM.Collect$$$$00002712)
    .text                                    0x08000144   Section       48  startup_stm32f10x_hd.o(.text)
    .text                                    0x08000174   Section        0  main.o(.text)
    .text                                    0x0800019c   Section        0  stm32f10x_it.o(.text)
    .text                                    0x080001c4   Section        0  stm32f10x_gpio.o(.text)
    .text                                    0x080004f0   Section        0  stm32f10x_rcc.o(.text)
    .text                                    0x08000890   Section        0  system_stm32f10x.o(.text)
    SetSysClockTo72                          0x08000891   Thumb Code   198  system_stm32f10x.o(.text)
    SetSysClock                              0x08000957   Thumb Code     8  system_stm32f10x.o(.text)
    .text                                    0x080009b4   Section        0  bsp.o(.text)
    .text                                    0x08000a20   Section        0  led.o(.text)
    .text                                    0x08000a54   Section        0  app.o(.text)
    .text                                    0x08000b04   Section        0  os_core.o(.text)
    OS_InitTaskStat                          0x08000baf   Thumb Code    56  os_core.o(.text)
    OS_InitTaskIdle                          0x08000c09   Thumb Code    56  os_core.o(.text)
    OS_InitEventList                         0x08000c53   Thumb Code    74  os_core.o(.text)
    OS_InitTCBList                           0x08000c9d   Thumb Code    94  os_core.o(.text)
    OS_InitRdyList                           0x08000cfb   Thumb Code    44  os_core.o(.text)
    OS_InitMisc                              0x08000d27   Thumb Code    44  os_core.o(.text)
    OS_SchedNew                              0x08000d93   Thumb Code    26  os_core.o(.text)
    .text                                    0x0800139c   Section        0  os_task.o(.text)
    .text                                    0x08001b74   Section        0  os_time.o(.text)
    .text                                    0x08001d34   Section      164  os_cpu_a.o(.text)
    .text                                    0x08001dd8   Section        0  os_cpu_c.o(.text)
    .text                                    0x08001e88   Section       36  init.o(.text)
    i.__scatterload_copy                     0x08001eac   Section       14  handlers.o(i.__scatterload_copy)
    i.__scatterload_null                     0x08001eba   Section        2  handlers.o(i.__scatterload_null)
    i.__scatterload_zeroinit                 0x08001ebc   Section       14  handlers.o(i.__scatterload_zeroinit)
    .constdata                               0x08001ecc   Section       20  system_stm32f10x.o(.constdata)
    .constdata                               0x08001ee0   Section      256  os_core.o(.constdata)
    .data                                    0x20000000   Section       20  stm32f10x_rcc.o(.data)
    APBAHBPrescTable                         0x20000000   Data          16  stm32f10x_rcc.o(.data)
    ADCPrescTable                            0x20000010   Data           4  stm32f10x_rcc.o(.data)
    .data                                    0x20000014   Section       64  os_core.o(.data)
    .bss                                     0x20000054   Section      320  main.o(.bss)
    .bss                                     0x20000194   Section      640  app.o(.bss)
    .bss                                     0x20000414   Section     3064  os_core.o(.bss)
    STACK                                    0x20001010   Section      512  startup_stm32f10x_hd.o(STACK)

    Global Symbols

    Symbol Name                              Value     Ov Type        Size  Object(Section)

    BuildAttributes$$THM_ISAv4$P$D$K$B$S$PE$A:L22UL41UL21$X:L11$S22US41US21$IEEE1$IW$USESV6$~STKCKD$USESV7$~SHL$OSPACE$EBA8$MICROLIB$REQ8$PRES8$EABIv2 0x00000000   Number         0  anon$$obj.o ABSOLUTE
    __ARM_use_no_argv                        0x00000000   Number         0  main.o ABSOLUTE
    __decompress                              - Undefined Weak Reference
    __Vectors_Size                           0x00000130   Number         0  startup_stm32f10x_hd.o ABSOLUTE
    __Vectors                                0x08000000   Data           4  startup_stm32f10x_hd.o(RESET)
    __Vectors_End                            0x08000130   Data           0  startup_stm32f10x_hd.o(RESET)
    __main                                   0x08000131   Thumb Code     0  entry.o(.ARM.Collect$$$$00000000)
    _main_stk                                0x08000131   Thumb Code     0  entry2.o(.ARM.Collect$$$$00000001)
    _main_scatterload                        0x08000135   Thumb Code     0  entry5.o(.ARM.Collect$$$$00000004)
    __main_after_scatterload                 0x08000139   Thumb Code     0  entry5.o(.ARM.Collect$$$$00000004)
    _main_init                               0x08000139   Thumb Code     0  entry7.o(.ARM.Collect$$$$00000007)
    SystemInit_ExtMemCtl                     0x08000145   Thumb Code     2  startup_stm32f10x_hd.o(.text)
    Reset_Handler                            0x08000147   Thumb Code    14  startup_stm32f10x_hd.o(.text)
    ADC1_2_IRQHandler                        0x08000167   Thumb Code     0  startup_stm32f10x_hd.o(.text)
    ADC3_IRQHandler                          0x08000167   Thumb Code     0  startup_stm32f10x_hd.o(.text)
    CAN1_RX1_IRQHandler                      0x08000167   Thumb Code     0  startup_stm32f10x_hd.o(.text)
    CAN1_SCE_IRQHandler                      0x08000167   Thumb Code     0  startup_stm32f10x_hd.o(.text)
    DMA1_Channel1_IRQHandler                 0x08000167   Thumb Code     0  startup_stm32f10x_hd.o(.text)
    DMA1_Channel2_IRQHandler                 0x08000167   Thumb Code     0  startup_stm32f10x_hd.o(.text)
    DMA1_Channel3_IRQHandler                 0x08000167   Thumb Code     0  startup_stm32f10x_hd.o(.text)
    DMA1_Channel4_IRQHandler                 0x08000167   Thumb Code     0  startup_stm32f10x_hd.o(.text)
    DMA1_Channel5_IRQHandler                 0x08000167   Thumb Code     0  startup_stm32f10x_hd.o(.text)
    DMA1_Channel6_IRQHandler                 0x08000167   Thumb Code     0  startup_stm32f10x_hd.o(.text)
    DMA1_Channel7_IRQHandler                 0x08000167   Thumb Code     0  startup_stm32f10x_hd.o(.text)
    DMA2_Channel1_IRQHandler                 0x08000167   Thumb Code     0  startup_stm32f10x_hd.o(.text)
    DMA2_Channel2_IRQHandler                 0x08000167   Thumb Code     0  startup_stm32f10x_hd.o(.text)
    DMA2_Channel3_IRQHandler                 0x08000167   Thumb Code     0  startup_stm32f10x_hd.o(.text)
    DMA2_Channel4_5_IRQHandler               0x08000167   Thumb Code     0  startup_stm32f10x_hd.o(.text)
    EXTI0_IRQHandler                         0x08000167   Thumb Code     0  startup_stm32f10x_hd.o(.text)
    EXTI15_10_IRQHandler                     0x08000167   Thumb Code     0  startup_stm32f10x_hd.o(.text)
    EXTI1_IRQHandler                         0x08000167   Thumb Code     0  startup_stm32f10x_hd.o(.text)
    EXTI2_IRQHandler                         0x08000167   Thumb Code     0  startup_stm32f10x_hd.o(.text)
    EXTI3_IRQHandler                         0x08000167   Thumb Code     0  startup_stm32f10x_hd.o(.text)
    EXTI4_IRQHandler                         0x08000167   Thumb Code     0  startup_stm32f10x_hd.o(.text)
    EXTI9_5_IRQHandler                       0x08000167   Thumb Code     0  startup_stm32f10x_hd.o(.text)
    FLASH_IRQHandler                         0x08000167   Thumb Code     0  startup_stm32f10x_hd.o(.text)
    FSMC_IRQHandler                          0x08000167   Thumb Code     0  startup_stm32f10x_hd.o(.text)
    I2C1_ER_IRQHandler                       0x08000167   Thumb Code     0  startup_stm32f10x_hd.o(.text)
    I2C1_EV_IRQHandler                       0x08000167   Thumb Code     0  startup_stm32f10x_hd.o(.text)
    I2C2_ER_IRQHandler                       0x08000167   Thumb Code     0  startup_stm32f10x_hd.o(.text)
    I2C2_EV_IRQHandler                       0x08000167   Thumb Code     0  startup_stm32f10x_hd.o(.text)
    PVD_IRQHandler                           0x08000167   Thumb Code     0  startup_stm32f10x_hd.o(.text)
    RCC_IRQHandler                           0x08000167   Thumb Code     0  startup_stm32f10x_hd.o(.text)
    RTCAlarm_IRQHandler                      0x08000167   Thumb Code     0  startup_stm32f10x_hd.o(.text)
    RTC_IRQHandler                           0x08000167   Thumb Code     0  startup_stm32f10x_hd.o(.text)
    SDIO_IRQHandler                          0x08000167   Thumb Code     0  startup_stm32f10x_hd.o(.text)
    SPI1_IRQHandler                          0x08000167   Thumb Code     0  startup_stm32f10x_hd.o(.text)
    SPI2_IRQHandler                          0x08000167   Thumb Code     0  startup_stm32f10x_hd.o(.text)
    SPI3_IRQHandler                          0x08000167   Thumb Code     0  startup_stm32f10x_hd.o(.text)
    TAMPER_IRQHandler                        0x08000167   Thumb Code     0  startup_stm32f10x_hd.o(.text)
    TIM1_BRK_IRQHandler                      0x08000167   Thumb Code     0  startup_stm32f10x_hd.o(.text)
    TIM1_CC_IRQHandler                       0x08000167   Thumb Code     0  startup_stm32f10x_hd.o(.text)
    TIM1_TRG_COM_IRQHandler                  0x08000167   Thumb Code     0  startup_stm32f10x_hd.o(.text)
    TIM1_UP_IRQHandler                       0x08000167   Thumb Code     0  startup_stm32f10x_hd.o(.text)
    TIM2_IRQHandler                          0x08000167   Thumb Code     0  startup_stm32f10x_hd.o(.text)
    TIM3_IRQHandler                          0x08000167   Thumb Code     0  startup_stm32f10x_hd.o(.text)
    TIM4_IRQHandler                          0x08000167   Thumb Code     0  startup_stm32f10x_hd.o(.text)
    TIM5_IRQHandler                          0x08000167   Thumb Code     0  startup_stm32f10x_hd.o(.text)
    TIM6_IRQHandler                          0x08000167   Thumb Code     0  startup_stm32f10x_hd.o(.text)
    TIM7_IRQHandler                          0x08000167   Thumb Code     0  startup_stm32f10x_hd.o(.text)
    TIM8_BRK_IRQHandler                      0x08000167   Thumb Code     0  startup_stm32f10x_hd.o(.text)
    TIM8_CC_IRQHandler                       0x08000167   Thumb Code     0  startup_stm32f10x_hd.o(.text)
    TIM8_TRG_COM_IRQHandler                  0x08000167   Thumb Code     0  startup_stm32f10x_hd.o(.text)
    TIM8_UP_IRQHandler                       0x08000167   Thumb Code     0  startup_stm32f10x_hd.o(.text)
    UART4_IRQHandler                         0x08000167   Thumb Code     0  startup_stm32f10x_hd.o(.text)
    UART5_IRQHandler                         0x08000167   Thumb Code     0  startup_stm32f10x_hd.o(.text)
    USART1_IRQHandler                        0x08000167   Thumb Code     0  startup_stm32f10x_hd.o(.text)
    USART2_IRQHandler                        0x08000167   Thumb Code     0  startup_stm32f10x_hd.o(.text)
    USART3_IRQHandler                        0x08000167   Thumb Code     0  startup_stm32f10x_hd.o(.text)
    USBWakeUp_IRQHandler                     0x08000167   Thumb Code     0  startup_stm32f10x_hd.o(.text)
    USB_HP_CAN1_TX_IRQHandler                0x08000167   Thumb Code     0  startup_stm32f10x_hd.o(.text)
    USB_LP_CAN1_RX0_IRQHandler               0x08000167   Thumb Code     0  startup_stm32f10x_hd.o(.text)
    WWDG_IRQHandler                          0x08000167   Thumb Code     0  startup_stm32f10x_hd.o(.text)
    main                                     0x08000175   Thumb Code    30  main.o(.text)
    NMI_Handler                              0x0800019d   Thumb Code     2  stm32f10x_it.o(.text)
    HardFault_Handler                        0x0800019f   Thumb Code     4  stm32f10x_it.o(.text)
    MemManage_Handler                        0x080001a3   Thumb Code     4  stm32f10x_it.o(.text)
    BusFault_Handler                         0x080001a7   Thumb Code     4  stm32f10x_it.o(.text)
    UsageFault_Handler                       0x080001ab   Thumb Code     4  stm32f10x_it.o(.text)
    SVC_Handler                              0x080001af   Thumb Code     2  stm32f10x_it.o(.text)
    DebugMon_Handler                         0x080001b1   Thumb Code     2  stm32f10x_it.o(.text)
    PendSV_Handler                           0x080001b3   Thumb Code     2  stm32f10x_it.o(.text)
    SysTick_Handler                          0x080001b5   Thumb Code    16  stm32f10x_it.o(.text)
    GPIO_DeInit                              0x080001c5   Thumb Code   188  stm32f10x_gpio.o(.text)
    GPIO_AFIODeInit                          0x08000281   Thumb Code    20  stm32f10x_gpio.o(.text)
    GPIO_Init                                0x08000295   Thumb Code   274  stm32f10x_gpio.o(.text)
    GPIO_StructInit                          0x080003a7   Thumb Code    16  stm32f10x_gpio.o(.text)
    GPIO_ReadInputDataBit                    0x080003b7   Thumb Code    18  stm32f10x_gpio.o(.text)
    GPIO_ReadInputData                       0x080003c9   Thumb Code     8  stm32f10x_gpio.o(.text)
    GPIO_ReadOutputDataBit                   0x080003d1   Thumb Code    18  stm32f10x_gpio.o(.text)
    GPIO_ReadOutputData                      0x080003e3   Thumb Code     8  stm32f10x_gpio.o(.text)
    GPIO_SetBits                             0x080003eb   Thumb Code     4  stm32f10x_gpio.o(.text)
    GPIO_ResetBits                           0x080003ef   Thumb Code     4  stm32f10x_gpio.o(.text)
    GPIO_WriteBit                            0x080003f3   Thumb Code    10  stm32f10x_gpio.o(.text)
    GPIO_Write                               0x080003fd   Thumb Code     4  stm32f10x_gpio.o(.text)
    GPIO_PinLockConfig                       0x08000401   Thumb Code    18  stm32f10x_gpio.o(.text)
    GPIO_EventOutputConfig                   0x08000413   Thumb Code    26  stm32f10x_gpio.o(.text)
    GPIO_EventOutputCmd                      0x0800042d   Thumb Code     6  stm32f10x_gpio.o(.text)
    GPIO_PinRemapConfig                      0x08000433   Thumb Code   106  stm32f10x_gpio.o(.text)
    GPIO_EXTILineConfig                      0x0800049d   Thumb Code    66  stm32f10x_gpio.o(.text)
    RCC_DeInit                               0x080004f1   Thumb Code    62  stm32f10x_rcc.o(.text)
    RCC_HSEConfig                            0x0800052f   Thumb Code    70  stm32f10x_rcc.o(.text)
    RCC_GetFlagStatus                        0x08000575   Thumb Code    56  stm32f10x_rcc.o(.text)
    RCC_WaitForHSEStartUp                    0x080005ad   Thumb Code    46  stm32f10x_rcc.o(.text)
    RCC_AdjustHSICalibrationValue            0x080005db   Thumb Code    20  stm32f10x_rcc.o(.text)
    RCC_HSICmd                               0x080005ef   Thumb Code     6  stm32f10x_rcc.o(.text)
    RCC_PLLConfig                            0x080005f5   Thumb Code    24  stm32f10x_rcc.o(.text)
    RCC_PLLCmd                               0x0800060d   Thumb Code     6  stm32f10x_rcc.o(.text)
    RCC_SYSCLKConfig                         0x08000613   Thumb Code    18  stm32f10x_rcc.o(.text)
    RCC_GetSYSCLKSource                      0x08000625   Thumb Code    10  stm32f10x_rcc.o(.text)
    RCC_HCLKConfig                           0x0800062f   Thumb Code    18  stm32f10x_rcc.o(.text)
    RCC_PCLK1Config                          0x08000641   Thumb Code    18  stm32f10x_rcc.o(.text)
    RCC_PCLK2Config                          0x08000653   Thumb Code    20  stm32f10x_rcc.o(.text)
    RCC_ITConfig                             0x08000667   Thumb Code    30  stm32f10x_rcc.o(.text)
    RCC_USBCLKConfig                         0x08000685   Thumb Code     6  stm32f10x_rcc.o(.text)
    RCC_ADCCLKConfig                         0x0800068b   Thumb Code    18  stm32f10x_rcc.o(.text)
    RCC_LSEConfig                            0x0800069d   Thumb Code    44  stm32f10x_rcc.o(.text)
    RCC_LSICmd                               0x080006c9   Thumb Code     6  stm32f10x_rcc.o(.text)
    RCC_RTCCLKConfig                         0x080006cf   Thumb Code    12  stm32f10x_rcc.o(.text)
    RCC_RTCCLKCmd                            0x080006db   Thumb Code     6  stm32f10x_rcc.o(.text)
    RCC_GetClocksFreq                        0x080006e1   Thumb Code   192  stm32f10x_rcc.o(.text)
    RCC_AHBPeriphClockCmd                    0x080007a1   Thumb Code    26  stm32f10x_rcc.o(.text)
    RCC_APB2PeriphClockCmd                   0x080007bb   Thumb Code    26  stm32f10x_rcc.o(.text)
    RCC_APB1PeriphClockCmd                   0x080007d5   Thumb Code    26  stm32f10x_rcc.o(.text)
    RCC_APB2PeriphResetCmd                   0x080007ef   Thumb Code    26  stm32f10x_rcc.o(.text)
    RCC_APB1PeriphResetCmd                   0x08000809   Thumb Code    26  stm32f10x_rcc.o(.text)
    RCC_BackupResetCmd                       0x08000823   Thumb Code     6  stm32f10x_rcc.o(.text)
    RCC_ClockSecuritySystemCmd               0x08000829   Thumb Code     6  stm32f10x_rcc.o(.text)
    RCC_MCOConfig                            0x0800082f   Thumb Code     6  stm32f10x_rcc.o(.text)
    RCC_ClearFlag                            0x08000835   Thumb Code    14  stm32f10x_rcc.o(.text)
    RCC_GetITStatus                          0x08000843   Thumb Code    20  stm32f10x_rcc.o(.text)
    RCC_ClearITPendingBit                    0x08000857   Thumb Code     6  stm32f10x_rcc.o(.text)
    SystemInit                               0x0800095f   Thumb Code    68  system_stm32f10x.o(.text)
    SysTick_init                             0x080009b5   Thumb Code    80  bsp.o(.text)
    BSP_Init                                 0x08000a05   Thumb Code    16  bsp.o(.text)
    LED_GPIO_Config                          0x08000a21   Thumb Code    46  led.o(.text)
    Task_LED3                                0x08000a55   Thumb Code    48  app.o(.text)
    Task_LED2                                0x08000a85   Thumb Code    44  app.o(.text)
    Task_Start                               0x08000ab1   Thumb Code    72  app.o(.text)
    OS_TaskStatStkChk                        0x08000b05   Thumb Code    54  os_core.o(.text)
    OS_TaskStat                              0x08000b3b   Thumb Code   116  os_core.o(.text)
    OS_TaskIdle                              0x08000be7   Thumb Code    34  os_core.o(.text)
    OS_MemClr                                0x08000c41   Thumb Code    18  os_core.o(.text)
    OSInit                                   0x08000d53   Thumb Code    36  os_core.o(.text)
    OSIntEnter                               0x08000d77   Thumb Code    28  os_core.o(.text)
    OSIntExit                                0x08000dad   Thumb Code   112  os_core.o(.text)
    OSSchedLock                              0x08000e1d   Thumb Code    50  os_core.o(.text)
    OS_Sched                                 0x08000e4f   Thumb Code    88  os_core.o(.text)
    OSSchedUnlock                            0x08000ea7   Thumb Code   222  os_core.o(.text)
    OSStart                                  0x08000f85   Thumb Code    48  os_core.o(.text)
    OSStatInit                               0x08000fb5   Thumb Code    62  os_core.o(.text)
    OSTimeTick                               0x08000ff3   Thumb Code   218  os_core.o(.text)
    OSVersion                                0x080010cd   Thumb Code     6  os_core.o(.text)
    OS_Dummy                                 0x080010d3   Thumb Code     2  os_core.o(.text)
    OS_EventTaskRemove                       0x080010d5   Thumb Code    50  os_core.o(.text)
    OS_EventTaskRdy                          0x08001107   Thumb Code   120  os_core.o(.text)
    OS_EventTaskWait                         0x0800117f   Thumb Code   120  os_core.o(.text)
    OS_EventWaitListInit                     0x080011f7   Thumb Code    28  os_core.o(.text)
    OS_MemCopy                               0x08001213   Thumb Code    20  os_core.o(.text)
    OS_StrLen                                0x08001227   Thumb Code    20  os_core.o(.text)
    OS_TCBInit                               0x0800123b   Thumb Code   286  os_core.o(.text)
    OSTaskChangePrio                         0x0800139d   Thumb Code   324  os_task.o(.text)
    OSTaskCreate                             0x080014e1   Thumb Code   146  os_task.o(.text)
    OS_TaskStkClr                            0x08001573   Thumb Code    26  os_task.o(.text)
    OSTaskCreateExt                          0x0800158d   Thumb Code   170  os_task.o(.text)
    OSTaskDel                                0x08001637   Thumb Code   288  os_task.o(.text)
    OSTaskDelReq                             0x08001757   Thumb Code   144  os_task.o(.text)
    OSTaskNameGet                            0x080017e7   Thumb Code   114  os_task.o(.text)
    OSTaskNameSet                            0x08001859   Thumb Code    98  os_task.o(.text)
    OSTaskResume                             0x080018bb   Thumb Code   160  os_task.o(.text)
    OSTaskStkChk                             0x0800195b   Thumb Code   132  os_task.o(.text)
    OSTaskSuspend                            0x080019df   Thumb Code   160  os_task.o(.text)
    OSTaskQuery                              0x08001a7f   Thumb Code    82  os_task.o(.text)
    OSTaskRegGet                             0x08001ad1   Thumb Code    60  os_task.o(.text)
    OSTaskRegSet                             0x08001b0d   Thumb Code    62  os_task.o(.text)
    OS_TaskReturn                            0x08001b4b   Thumb Code    18  os_task.o(.text)
    OSTimeDly                                0x08001b75   Thumb Code   108  os_time.o(.text)
    OSTimeDlyHMSM                            0x08001be1   Thumb Code    86  os_time.o(.text)
    OSTimeDlyResume                          0x08001c37   Thumb Code   176  os_time.o(.text)
    OSTimeGet                                0x08001ce7   Thumb Code    24  os_time.o(.text)
    OSTimeSet                                0x08001cff   Thumb Code    24  os_time.o(.text)
    OS_CPU_SR_Save                           0x08001d35   Thumb Code     0  os_cpu_a.o(.text)
    OS_CPU_SR_Restore                        0x08001d3d   Thumb Code     0  os_cpu_a.o(.text)
    OSStartHighRdy                           0x08001d43   Thumb Code     0  os_cpu_a.o(.text)
    OSCtxSw                                  0x08001d63   Thumb Code     0  os_cpu_a.o(.text)
    OSIntCtxSw                               0x08001d6d   Thumb Code     0  os_cpu_a.o(.text)
    OS_CPU_PendSVHandler                     0x08001d77   Thumb Code     0  os_cpu_a.o(.text)
    OSInitHookBegin                          0x08001dd9   Thumb Code     2  os_cpu_c.o(.text)
    OSTaskReturnHook                         0x08001ddb   Thumb Code     2  os_cpu_c.o(.text)
    OSInitHookEnd                            0x08001ddd   Thumb Code     2  os_cpu_c.o(.text)
    OSTaskCreateHook                         0x08001ddf   Thumb Code     2  os_cpu_c.o(.text)
    OSTaskDelHook                            0x08001de1   Thumb Code     2  os_cpu_c.o(.text)
    OSTaskIdleHook                           0x08001de3   Thumb Code     2  os_cpu_c.o(.text)
    OSTaskStatHook                           0x08001de5   Thumb Code     2  os_cpu_c.o(.text)
    OSTaskStkInit                            0x08001de7   Thumb Code   154  os_cpu_c.o(.text)
    OSTaskSwHook                             0x08001e81   Thumb Code     2  os_cpu_c.o(.text)
    OSTCBInitHook                            0x08001e83   Thumb Code     2  os_cpu_c.o(.text)
    OSTimeTickHook                           0x08001e85   Thumb Code     2  os_cpu_c.o(.text)
    __scatterload                            0x08001e89   Thumb Code    28  init.o(.text)
    __scatterload_rt2                        0x08001e89   Thumb Code     0  init.o(.text)
    __scatterload_copy                       0x08001ead   Thumb Code    14  handlers.o(i.__scatterload_copy)
    __scatterload_null                       0x08001ebb   Thumb Code     2  handlers.o(i.__scatterload_null)
    __scatterload_zeroinit                   0x08001ebd   Thumb Code    14  handlers.o(i.__scatterload_zeroinit)
    SystemFrequency                          0x08001ecc   Data           4  system_stm32f10x.o(.constdata)
    SystemFrequency_SysClk                   0x08001ed0   Data           4  system_stm32f10x.o(.constdata)
    SystemFrequency_AHBClk                   0x08001ed4   Data           4  system_stm32f10x.o(.constdata)
    SystemFrequency_APB1Clk                  0x08001ed8   Data           4  system_stm32f10x.o(.constdata)
    SystemFrequency_APB2Clk                  0x08001edc   Data           4  system_stm32f10x.o(.constdata)
    OSUnMapTbl                               0x08001ee0   Data         256  os_core.o(.constdata)
    Region$$Table$$Base                      0x08001fe0   Number         0  anon$$obj.o(Region$$Table)
    Region$$Table$$Limit                     0x08002000   Number         0  anon$$obj.o(Region$$Table)
    OSCtxSwCtr                               0x20000014   Data           4  os_core.o(.data)
    OSEventFreeList                          0x20000018   Data           4  os_core.o(.data)
    OSCPUUsage                               0x2000001c   Data           1  os_core.o(.data)
    OSIdleCtrMax                             0x20000020   Data           4  os_core.o(.data)
    OSIdleCtrRun                             0x20000024   Data           4  os_core.o(.data)
    OSStatRdy                                0x20000028   Data           1  os_core.o(.data)
    OSIntNesting                             0x20000029   Data           1  os_core.o(.data)
    OSLockNesting                            0x2000002a   Data           1  os_core.o(.data)
    OSPrioCur                                0x2000002b   Data           1  os_core.o(.data)
    OSPrioHighRdy                            0x2000002c   Data           1  os_core.o(.data)
    OSRdyGrp                                 0x2000002d   Data           1  os_core.o(.data)
    OSRdyTbl                                 0x2000002e   Data           8  os_core.o(.data)
    OSRunning                                0x20000036   Data           1  os_core.o(.data)
    OSTaskCtr                                0x20000037   Data           1  os_core.o(.data)
    OSIdleCtr                                0x20000038   Data           4  os_core.o(.data)
    OSTCBCur                                 0x2000003c   Data           4  os_core.o(.data)
    OSTCBFreeList                            0x20000040   Data           4  os_core.o(.data)
    OSTCBHighRdy                             0x20000044   Data           4  os_core.o(.data)
    OSTCBList                                0x20000048   Data           4  os_core.o(.data)
    OSTickStepState                          0x2000004c   Data           1  os_core.o(.data)
    OSTime                                   0x20000050   Data           4  os_core.o(.data)
    startup_task_stk                         0x20000054   Data         320  main.o(.bss)
    task_led2_stk                            0x20000194   Data         320  app.o(.bss)
    task_led3_stk                            0x200002d4   Data         320  app.o(.bss)
    OSEventTbl                               0x20000414   Data         200  os_core.o(.bss)
    OSTaskStatStk                            0x200004dc   Data         512  os_core.o(.bss)
    OSTaskIdleStk                            0x200006dc   Data         512  os_core.o(.bss)
    OSTCBPrioTbl                             0x200008dc   Data         256  os_core.o(.bss)
    OSTCBTbl                                 0x200009dc   Data        1584  os_core.o(.bss)
    __initial_sp                             0x20001210   Data           0  startup_stm32f10x_hd.o(STACK)



==============================================================================

Memory Map of the image

  Image Entry point : 0x08000147

  Load Region LR_1 (Base: 0x08000000, Size: 0x00002054, Max: 0xffffffff, ABSOLUTE)

    Execution Region ER_RO (Base: 0x08000000, Size: 0x00002000, Max: 0xffffffff, ABSOLUTE)

    Base Addr    Size         Type   Attr      Idx    E Section Name        Object

    0x08000000   0x00000130   Data   RO            3    RESET               startup_stm32f10x_hd.o
    0x08000130   0x00000000   Code   RO          307  * .ARM.Collect$$$$00000000  mc_w.l(entry.o)
    0x08000130   0x00000004   Code   RO          310    .ARM.Collect$$$$00000001  mc_w.l(entry2.o)
    0x08000134   0x00000004   Code   RO          313    .ARM.Collect$$$$00000004  mc_w.l(entry5.o)
    0x08000138   0x00000008   Code   RO          314    .ARM.Collect$$$$00000007  mc_w.l(entry7.o)
    0x08000140   0x00000004   Code   RO          311    .ARM.Collect$$$$00002712  mc_w.l(entry2.o)
    0x08000144   0x00000030   Code   RO            4  * .text               startup_stm32f10x_hd.o
    0x08000174   0x00000028   Code   RO           10    .text               main.o
    0x0800019c   0x00000028   Code   RO           73    .text               stm32f10x_it.o
    0x080001c4   0x0000032c   Code   RO           85    .text               stm32f10x_gpio.o
    0x080004f0   0x000003a0   Code   RO           97    .text               stm32f10x_rcc.o
    0x08000890   0x00000124   Code   RO          121    .text               system_stm32f10x.o
    0x080009b4   0x0000006c   Code   RO          139    .text               bsp.o
    0x08000a20   0x00000034   Code   RO          157    .text               led.o
    0x08000a54   0x000000b0   Code   RO          169    .text               app.o
    0x08000b04   0x00000898   Code   RO          184    .text               os_core.o
    0x0800139c   0x000007d8   Code   RO          246    .text               os_task.o
    0x08001b74   0x000001c0   Code   RO          258    .text               os_time.o
    0x08001d34   0x000000a4   Code   RO          276    .text               os_cpu_a.o
    0x08001dd8   0x000000ae   Code   RO          279    .text               os_cpu_c.o
    0x08001e86   0x00000002   PAD
    0x08001e88   0x00000024   Code   RO          315    .text               mc_w.l(init.o)
    0x08001eac   0x0000000e   Code   RO          319    i.__scatterload_copy  mc_w.l(handlers.o)
    0x08001eba   0x00000002   Code   RO          320    i.__scatterload_null  mc_w.l(handlers.o)
    0x08001ebc   0x0000000e   Code   RO          321    i.__scatterload_zeroinit  mc_w.l(handlers.o)
    0x08001eca   0x00000002   PAD
    0x08001ecc   0x00000014   Data   RO          122    .constdata          system_stm32f10x.o
    0x08001ee0   0x00000100   Data   RO          186    .constdata          os_core.o
    0x08001fe0   0x00000020   Data   RO          317    Region$$Table       anon$$obj.o


    Execution Region ER_RW (Base: 0x20000000, Size: 0x00000054, Max: 0xffffffff, ABSOLUTE)

    Base Addr    Size         Type   Attr      Idx    E Section Name        Object

    0x20000000   0x00000014   Data   RW           98    .data               stm32f10x_rcc.o
    0x20000014   0x00000040   Data   RW          187    .data               os_core.o


    Execution Region ER_ZI (Base: 0x20000054, Size: 0x000011bc, Max: 0xffffffff, ABSOLUTE)

    Base Addr    Size         Type   Attr      Idx    E Section Name        Object

    0x20000054   0x00000140   Zero   RW           11    .bss                main.o
    0x20000194   0x00000280   Zero   RW          170    .bss                app.o
    0x20000414   0x00000bf8   Zero   RW          185    .bss                os_core.o
    0x2000100c   0x00000004   PAD
    0x20001010   0x00000200   Zero   RW            1    STACK               startup_stm32f10x_hd.o


==============================================================================

Image component sizes


      Code (inc. data)   RO Data    RW Data    ZI Data      Debug   Object Name

       176         12          0          0        640       1359   app.o
       108         12          0          0          0       4948   bsp.o
        52          6          0          0          0        498   led.o
        40         10          0          0        320     225554   main.o
      2200        208        256         64       3064      13947   os_core.o
       164         32          0          0          0        340   os_cpu_a.o
       174          0          0          0          0       9474   os_cpu_c.o
      2008         68          0          0          0       7773   os_task.o
       448         30          0          0          0       1866   os_time.o
        48         12        304          0        512        908   startup_stm32f10x_hd.o
       812         18          0          0          0       5235   stm32f10x_gpio.o
        40          0          0          0          0       1290   stm32f10x_it.o
       928         52          0         20          0       8884   stm32f10x_rcc.o
       292         18         20          0          0       1733   system_stm32f10x.o

    ----------------------------------------------------------------------
      7492        478        612         84       4540     283809   Object Totals
         0          0         32          0          0          0   (incl. Generated)
         2          0          0          0          4          3   (incl. Padding)

    ----------------------------------------------------------------------

      Code (inc. data)   RO Data    RW Data    ZI Data      Debug   Library Member Name

         0          0          0          0          0          0   entry.o
         8          4          0          0          0          0   entry2.o
         4          0          0          0          0          0   entry5.o
         8          4          0          0          0          0   entry7.o
        30          0          0          0          0          0   handlers.o
        36          8          0          0          0         68   init.o

    ----------------------------------------------------------------------
        88         16          0          0          0         68   Library Totals
         2          0          0          0          0          0   (incl. Padding)

    ----------------------------------------------------------------------

      Code (inc. data)   RO Data    RW Data    ZI Data      Debug   Library Name

        86         16          0          0          0         68   mc_w.l

    ----------------------------------------------------------------------
        88         16          0          0          0         68   Library Totals

    ----------------------------------------------------------------------

==============================================================================


      Code (inc. data)   RO Data    RW Data    ZI Data      Debug   

      7580        494        612         84       4540     282840   Grand Totals
      7580        494        612         84       4540     282840   ELF Image Totals
      7580        494        612         84          0          0   ROM Totals

==============================================================================

    Total RO  Size (Code + RO Data)                 8192 (   8.00kB)
    Total RW  Size (RW Data + ZI Data)              4624 (   4.52kB)
    Total ROM Size (Code + RO Data + RW Data)       8276 (   8.08kB)

==============================================================================

